// Jest Snapshot v1, https://goo.gl/fbAQLP

exports[`MemoizedTable renders without error 1`] = `
<MockNextContext
  pathname="/help"
>
  <Memo(Connect(MemoizedTable))
    classColMap={Object {}}
    columns={Array []}
    data={Array []}
    fetchComplete={true}
    template={[Function]}
    templateProps={Object {}}
    toggleModal={[Function]}
  />
</MockNextContext>
`;
