// Jest Snapshot v1, https://goo.gl/fbAQLP

exports[`HeaderFormComponent renders without error 1`] = `
<Provider
  store={
    Object {
      "clearActions": [Function],
      "dispatch": [Function],
      "getActions": [Function],
      "getState": [Function],
      "replaceReducer": [Function],
      "subscribe": [Function],
    }
  }
>
  <MockNextContext
    pathname="/dashboard"
  >
    <MemoryRouter
      initialEntries={
        Array [
          "/dashboard",
        ]
      }
    >
      <Router
        history={
          Object {
            "action": "POP",
            "block": [Function],
            "canGo": [Function],
            "createHref": [Function],
            "entries": Array [
              Object {
                "hash": "",
                "pathname": "/dashboard",
                "search": "",
                "state": undefined,
              },
            ],
            "go": [Function],
            "goBack": [Function],
            "goForward": [Function],
            "index": 0,
            "length": 1,
            "listen": [Function],
            "location": Object {
              "hash": "",
              "pathname": "/dashboard",
              "search": "",
              "state": undefined,
            },
            "push": [Function],
            "replace": [Function],
          }
        }
      >
        <HeaderFormComponent
          colClasses=""
          containerClasses=""
          header=""
        >
          <div
            className="c-HeaderFormComponent row form-prompt"
          >
            <div
              className="col"
            >
              <p />
            </div>
          </div>
        </HeaderFormComponent>
         
      </Router>
    </MemoryRouter>
  </MockNextContext>
</Provider>
`;
