// Jest Snapshot v1, https://goo.gl/fbAQLP

exports[`Grouped Bar Chart Tests renders without error 1`] = `
<Memo(GroupedBarChart)
  chart={
    Object {
      "group": Array [
        Object {
          "name": "claimsCount",
        },
        Object {
          "colorMapper": "Items",
          "name": "itemsCount",
        },
      ],
      "key": "claimType",
    }
  }
  classes="c-ChartsContainer__content__body"
  colors={
    Object {
      "Copyright": "#71C5DF",
      "Counterfeit": "#1F4F94",
      "Items": "#E4B33F",
      "Patent": "#ADDDE9",
      "Trademark": "#3483B9",
    }
  }
  containerId="widget-claims-by-type"
  currentFilter={
    Object {
      "emailId": "subhadeep.dey@walmart.com",
      "orgId": "f9bccf12-49d2-4387-b047-9670ac66f7c0",
      "role": "Super Admin",
      "widget-claims-by-brand": Object {
        "dateRange": "last30days",
      },
      "widget-claims-by-type": Object {
        "dateRange": "last30days",
      },
      "widget-claims-by-user": Object {
        "dateRange": "last30days",
      },
    }
  }
  data={
    Array [
      Object {
        "claimType": "Trademark",
        "claimsCount": 2,
        "itemsCount": 2,
      },
    ]
  }
  keys={
    Array [
      "Counterfeit",
      "Trademark",
      "Copyright",
      "Patent",
      "Items",
    ]
  }
  sortingArray={
    Array [
      "Counterfeit",
      "Trademark",
      "Copyright",
      "Patent",
    ]
  }
>
  <div
    className="c-GroupedBarChart c-ChartsContainer__content__body"
  >
    <svg
      style={
        Object {
          "height": "100%",
          "width": "100%",
        }
      }
    >
      <g
        className="x-axis"
      />
      <g
        className="y-axis"
      />
    </svg>
  </div>
</Memo(GroupedBarChart)>
`;
