// Jest Snapshot v1, https://goo.gl/fbAQLP

exports[`NewUserAddedTemplate test container should render the NewUserAddedTemplate successfully 1`] = `
<div
  className="modal show"
  id="singletonModal"
  role="dialog"
  tabIndex="-1"
>
  <div
    className="modal-dialog modal-dialog-centered"
    role="document"
  >
    <div
      className="modal-content"
    >
      <div
        className="modal-body text-center p-4"
      >
        <div
          className="row"
        >
          <div
            className="col"
          >
            <img
              alt="User Added"
              src="user.svg"
              width={87}
            />
          </div>
        </div>
        <div
          className="row mt-3"
        >
          <div
            className="col"
          >
            <span
              className="status-header font-weight-bold"
            >
              Test Mohit Nagar added as "Super Admin"
            </span>
          </div>
        </div>
        <div
          className="row mt-2"
        >
          <div
            className="col"
          >
            <span
              className="status-description"
            >
              An invitation has been sent to wm.ropro.stg+demo@gmail.com which will expire in 24 hours. 
 The user profile will become active once Test Mohit completes account setup.
            </span>
          </div>
        </div>
        <div
          className="row mt-3"
        >
          <div
            className="col"
          >
            <div
              className="btn btn-sm btn-primary px-5"
              onClick={[Function]}
            >
              Done
            </div>
          </div>
        </div>
      </div>
    </div>
  </div>
</div>
`;
