// Jest Snapshot v1, https://goo.gl/fbAQLP

exports[`HelpSideBar renders without error 1`] = `
<Provider
  store={
    Object {
      "clearActions": [Function],
      "dispatch": [Function],
      "getActions": [Function],
      "getState": [Function],
      "replaceReducer": [Function],
      "subscribe": [Function],
    }
  }
>
  <MockNextContext
    pathname="/help"
  >
    <MemoryRouter
      initialEntries={
        Array [
          "/help",
        ]
      }
    >
      <Router
        history={
          Object {
            "action": "POP",
            "block": [Function],
            "canGo": [Function],
            "createHref": [Function],
            "entries": Array [
              Object {
                "hash": "",
                "pathname": "/help",
                "search": "",
                "state": undefined,
              },
            ],
            "go": [Function],
            "goBack": [Function],
            "goForward": [Function],
            "index": 0,
            "length": 1,
            "listen": [Function],
            "location": Object {
              "hash": "",
              "pathname": "/help",
              "search": "",
              "state": undefined,
            },
            "push": [Function],
            "replace": [Function],
          }
        }
      >
        <withRouter(HelpSideBar)
          activeTab=""
          categories={Object {}}
          categoryHeader=""
          history={Object {}}
          setActiveTab={[Function]}
        >
          <HelpSideBar
            activeTab=""
            categories={Object {}}
            categoryHeader=""
            history={
              Object {
                "action": "POP",
                "block": [Function],
                "canGo": [Function],
                "createHref": [Function],
                "entries": Array [
                  Object {
                    "hash": "",
                    "pathname": "/help",
                    "search": "",
                    "state": undefined,
                  },
                ],
                "go": [Function],
                "goBack": [Function],
                "goForward": [Function],
                "index": 0,
                "length": 1,
                "listen": [Function],
                "location": Object {
                  "hash": "",
                  "pathname": "/help",
                  "search": "",
                  "state": undefined,
                },
                "push": [Function],
                "replace": [Function],
              }
            }
            location={
              Object {
                "hash": "",
                "pathname": "/help",
                "search": "",
                "state": undefined,
              }
            }
            match={
              Object {
                "isExact": false,
                "params": Object {},
                "path": "/",
                "url": "/",
              }
            }
            setActiveTab={[Function]}
          >
            <div
              className="c-HelpSideBar h-90"
            >
              <div
                className="c-HelpSideBar__header h4"
              />
              <ul
                className="c-HelpSideBar__categories"
                id="helpSideBar"
              />
            </div>
          </HelpSideBar>
        </withRouter(HelpSideBar)>
      </Router>
    </MemoryRouter>
  </MockNextContext>
</Provider>
`;
