// Jest Snapshot v1, https://goo.gl/fbAQLP

exports[`Help Side Bar Tests renders without error 1`] = `
<BrowserRouter>
  <Router
    history={
      Object {
        "action": "POP",
        "block": [Function],
        "createHref": [Function],
        "go": [Function],
        "goBack": [Function],
        "goForward": [Function],
        "length": 1,
        "listen": [Function],
        "location": Object {
          "hash": "",
          "pathname": "/",
          "search": "",
          "state": undefined,
        },
        "push": [Function],
        "replace": [Function],
      }
    }
  >
    <withRouter(HelpSideBar)
      activeTab="faq"
      categories={
        Object {
          "brand": Object {
            "categoryText": "Brand Management",
          },
          "claim": Object {
            "categoryText": "Claims Submission",
          },
          "contact": Object {
            "categoryText": "Contact Us",
          },
          "faq": Object {
            "categoryText": "Frequently Asked Questions",
          },
          "user": Object {
            "categoryText": "User Management",
          },
        }
      }
      categoryHeader="Help Topics"
      history={
        Object {
          "action": "PUSH",
          "length": 21,
          "location": Object {
            "hash": "",
            "key": "rajbvq",
            "pathname": "/help",
            "search": "",
          },
        }
      }
      location={
        Object {
          "hash": "",
          "key": "rajbvq",
          "pathname": "/help",
          "search": "",
        }
      }
      match={
        Object {
          "isExact": true,
          "params": Object {},
          "path": "/help",
          "url": "/help",
        }
      }
    >
      <HelpSideBar
        activeTab="faq"
        categories={
          Object {
            "brand": Object {
              "categoryText": "Brand Management",
            },
            "claim": Object {
              "categoryText": "Claims Submission",
            },
            "contact": Object {
              "categoryText": "Contact Us",
            },
            "faq": Object {
              "categoryText": "Frequently Asked Questions",
            },
            "user": Object {
              "categoryText": "User Management",
            },
          }
        }
        categoryHeader="Help Topics"
        history={
          Object {
            "action": "POP",
            "block": [Function],
            "createHref": [Function],
            "go": [Function],
            "goBack": [Function],
            "goForward": [Function],
            "length": 1,
            "listen": [Function],
            "location": Object {
              "hash": "",
              "pathname": "/",
              "search": "",
              "state": undefined,
            },
            "push": [Function],
            "replace": [Function],
          }
        }
        location={
          Object {
            "hash": "",
            "pathname": "/",
            "search": "",
            "state": undefined,
          }
        }
        match={
          Object {
            "isExact": true,
            "params": Object {},
            "path": "/",
            "url": "/",
          }
        }
      >
        <div
          className="c-HelpSideBar h-90"
        >
          <div
            className="c-HelpSideBar__header h4"
          >
            Help Topics
          </div>
          <ul
            className="c-HelpSideBar__categories"
            id="helpSideBar"
          >
            <li
              className="c-HelpSideBar__category active"
              key="faq"
              onClick={[Function]}
            >
              Frequently Asked Questions
            </li>
            <li
              className="c-HelpSideBar__category"
              key="user"
              onClick={[Function]}
            >
              User Management
            </li>
            <li
              className="c-HelpSideBar__category"
              key="brand"
              onClick={[Function]}
            >
              Brand Management
            </li>
            <li
              className="c-HelpSideBar__category"
              key="claim"
              onClick={[Function]}
            >
              Claims Submission
            </li>
            <li
              className="c-HelpSideBar__category"
              key="contact"
              onClick={[Function]}
            >
              Contact Us
            </li>
          </ul>
        </div>
      </HelpSideBar>
    </withRouter(HelpSideBar)>
  </Router>
</BrowserRouter>
`;
