// Jest Snapshot v1, https://goo.gl/fbAQLP

exports[`ApplicationDetails renders without error should render the application details successfully 1`] = `
<ApplicationDetails
  brand={
    Object {
      "additionalDocList": Array [
        Object {
          "createTS": "2021-11-30T11:54:58.730Z",
          "documentId": "7438c5c7-dde9-4ac7-a286-41a65cedc510",
          "documentName": "Document1.pdf",
          "uploadedToServiceNow": false,
        },
        Object {
          "createTS": "2021-11-30T11:57:15.774Z",
          "documentId": "7438c5c7-dde9-4ac7-a286-41a65cedc510",
          "documentName": "Document1.pdf",
          "uploadedToServiceNow": false,
        },
      ],
      "comments": "eeee",
      "name": "Test-brand#4",
      "trademarkNumber": "5912022",
      "usptoUrl": null,
      "usptoVerification": "VALID",
    }
  }
  org={
    Object {
      "additionalDoc": null,
      "address": "Bangalore",
      "businessRegistrationDoc": null,
      "businessRegistrationDocList": Array [
        Object {
          "createTS": "2021-11-30T11:57:15.774Z",
          "documentId": "7438c5c7-dde9-4ac7-a286-41a65cedc510",
          "documentName": "Document2.pdf",
          "uploadedToServiceNow": false,
        },
        Object {
          "createTS": "2021-11-30T11:57:15.774Z",
          "documentId": "7438c5c7-dde9-4ac7-a286-41a65cedc510",
          "documentName": "Document2.pdf",
          "uploadedToServiceNow": false,
        },
      ],
      "city": "Bangalore",
      "countryCode": "US",
      "name": "user-demo003",
      "state": "CA",
      "zip": "17122",
    }
  }
  user={
    Object {
      "brands": Array [
        Object {
          "id": "640a20c2-3bbd-46e5-9a81-4f97c8bc9f08",
        },
      ],
      "context": "edit",
      "createTs": "2020-09-15T07:15:18.965Z",
      "createdBy": "wm.ropro.stg+demo@gmail.com",
      "email": "wm.ropro.stg+demo@gmail.com",
      "emailVerified": true,
      "firstName": "Test Mohit",
      "isOrgEnabled": true,
      "isUserEnabled": true,
      "lastName": "Nagar",
      "lastUpdateTs": "2020-09-21T10:06:07.633Z",
      "lastUpdatedBy": "wm.ropro.stg+demo@gmail.com",
      "organization": Object {
        "id": "640a20c2-3bbd-46e5-9a81-4f97c8bc9f08",
        "status": "Accepted",
      },
      "phoneCountry": "1",
      "phoneNumber": "(234) 567-8901",
      "registrationMode": "SelfRegistered",
      "role": Object {
        "description": "Brand Rights Owner",
        "id": "6a429471-3675-4490-93db-5aadf5412a8b",
        "name": "Super Admin",
      },
      "status": "Active",
      "statusDetails": "Status updated by: system",
      "type": "Internal",
      "workflow": Object {
        "code": 4,
        "defaultView": "portal-view-users",
        "roleCode": 1,
        "roleView": "SUPER_ADMIN",
        "workflow": "portal_dashboard",
      },
    }
  }
>
  <div
    className="c-ApplicationDetails text-left row mt-4 ml-5 pl-5"
  >
    <div
      className="col-12 brand-registration-title"
    >
      <div
        className="row"
      >
        <div
          className="col"
        >
          <h5
            className=" font-weight-bold "
          >
            Company Information
          </h5>
          <div>
            user-demo003
          </div>
          <div>
            Bangalore
          </div>
          <div>
            Bangalore
            , 
            CA
          </div>
          <div>
            17122
            , 
            US
          </div>
        </div>
        <div
          className="col"
        >
          <h5
            className="font-weight-bold "
          >
            Brand Information
          </h5>
          <div>
            5912022
          </div>
          <div>
            Test-brand#4
          </div>
          <div
            className="commentsStyle"
          >
            eeee
          </div>
        </div>
      </div>
      <div
        className="row"
      >
        <div
          className="col-6 overflow-x-auto mt-3 brand-registration-subtitle"
        >
          <span
            className="w-100 mt-3 font-weight-bold font-size-14"
          >
            Attachments
          </span>
          <span
            className="w-100 d-block mt-2"
            key="[object Object]"
          >
            Document2.pdf
          </span>
          <span
            className="w-100 d-block mt-2"
            key="[object Object]"
          >
            Document2.pdf
          </span>
        </div>
        <div
          className="col-6 overflow-x-auto mt-3 brand-registration-subtitle"
        >
          <span
            className="w-100 mt-3 font-weight-bold font-size-14"
          >
            Attachments
          </span>
          <span
            className="d-block w-100 mt-2"
            key="[object Object]"
          >
            Document1.pdf
          </span>
          <span
            className="d-block w-100 mt-2"
            key="[object Object]"
          >
            Document1.pdf
          </span>
        </div>
      </div>
    </div>
  </div>
</ApplicationDetails>
`;
