// Jest Snapshot v1, https://goo.gl/fbAQLP

exports[`WebformLandingPage renders without error 1`] = `
<div
  className="c-WebformLandingPage"
>
  <div
    className="page-body"
  >
    <div
      className="page-header h4 font-weight-bold"
    >
      Intellectual Property (IP) Claim Form
    </div>
    <div />
  </div>
</div>
`;
